// Jest Snapshot v1, https://goo.gl/fbAQLP

exports[`<GameCard /> should render the heading 1`] = `
<main
  class=""
>
  <h1>
    GameCard
  </h1>
</main>
`
